:+_Text	{container=':_QQuickView' text='+' type='Text' unnamed='1' visible='true'}
:-3_Text	{container=':listView_Item' text='-3' type='Text' unnamed='1' visible='true'}
:._Text	{container=':_QQuickView' text='.' type='Text' unnamed='1' visible='true'}
:0.123456_Text	{container=':listView_Item_3' text='0.123456' type='Text' unnamed='1' visible='true'}
:0.333333_Text	{container=':listView_Item' text='0.333333' type='Text' unnamed='1' visible='true'}
:0123.4_Text	{container=':listView_Item_3' text='0123.4' type='Text' unnamed='1' visible='true'}
:0_Text	{container=':_QQuickView' text='0' type='Text' unnamed='1' visible='true'}
:1_Text	{container=':_QQuickView' text='1' type='Text' unnamed='1' visible='true'}
:1_Text_2	{container=':listView_Item_6' text='1' type='Text' unnamed='1' visible='true'}
:27_Text	{container=':listView_Item_4' text='27' type='Text' unnamed='1' visible='true'}
:2_Text	{container=':_QQuickView' text='2' type='Text' unnamed='1' visible='true'}
:3_Text	{container=':_QQuickView' text='3' type='Text' unnamed='1' visible='true'}
:4_Text	{container=':listView_Item' text='4' type='Text' unnamed='1' visible='true'}
:4_Text_2	{container=':_QQuickView' text='4' type='Text' unnamed='1' visible='true'}
:5.674490_Text	{container=':listView_Item_5' text='5.674490' type='Text' unnamed='1' visible='true'}
:56789_Text	{container=':listView_Item_3' text='56789' type='Text' unnamed='1' visible='true'}
:5_Text	{container=':_QQuickView' text='5' type='Text' unnamed='1' visible='true'}
:6_Text	{container=':_QQuickView' text='6' type='Text' unnamed='1' visible='true'}
:789_Text	{container=':listView_Item_3' text='789' type='Text' unnamed='1' visible='true'}
:7_Text	{container=':_QQuickView' text='7' type='Text' unnamed='1' visible='true'}
:8_Text	{container=':listView_Item_2' text='8' type='Text' unnamed='1' visible='true'}
:8_Text_2	{container=':_QQuickView' text='8' type='Text' unnamed='1' visible='true'}
:8_Text_3	{container=':listView_Item_7' text='8' type='Text' unnamed='1' visible='true'}
:9_Text	{container=':_QQuickView' text='9' type='Text' unnamed='1' visible='true'}
:=_Text	{container=':_QQuickView' text='=' type='Text' unnamed='1' visible='true'}
:C_Text	{container=':_QQuickView' text='C' type='Text' unnamed='1' visible='true'}
:_QQuickView	{type='QQuickView' unnamed='1' visible='true'}
:listView_Item	{container=':listView_ListView' index='2' type='Item' unnamed='1' visible='true'}
:listView_Item_2	{container=':listView_ListView' index='6' type='Item' unnamed='1' visible='true'}
:listView_Item_3	{container=':listView_ListView' index='0' type='Item' unnamed='1' visible='true'}
:listView_Item_4	{container=':listView_ListView' index='7' type='Item' unnamed='1' visible='true'}
:listView_Item_5	{container=':listView_ListView' index='11' type='Item' unnamed='1' visible='true'}
:listView_Item_6	{container=':listView_ListView' index='4' type='Item' unnamed='1' visible='true'}
:listView_Item_7	{container=':listView_ListView' index='8' type='Item' unnamed='1' visible='true'}
:listView_ListView	{container=':_QQuickView' id='listView' type='ListView' unnamed='1' visible='true'}
:rect_Rectangle	{container=':_QQuickView' id='rect' type='Rectangle' unnamed='1' visible='true'}
:window_Rectangle	{container=':_QQuickView' id='window' type='Rectangle' unnamed='1' visible='true'}
:±_Text	{container=':_QQuickView' text='±' type='Text' unnamed='1' visible='true'}
:×_Text	{container=':_QQuickView' text='×' type='Text' unnamed='1' visible='true'}
:÷_Text	{container=':_QQuickView' text='÷' type='Text' unnamed='1' visible='true'}
:−_Text	{container=':_QQuickView' text='−' type='Text' unnamed='1' visible='true'}
:√_Text	{container=':_QQuickView' text='√' type='Text' unnamed='1' visible='true'}
